Microchip MPLAB XC8 Compiler V1.35 ()

Linker command line:

-W-3 --edf=C:\Program Files (x86)\Microchip\xc8\v1.35\dat\en_msgs.txt -cs \
  -h+dist/default/production\LCD_ADC.X.production.sym \
  --cmf=dist/default/production\LCD_ADC.X.production.cmf -z -Q16F887 \
  -oC:\Users\PROPIE~1\AppData\Local\Temp\sd1o.2 \
  -Mdist/default/production/LCD_ADC.X.production.map -E1 -ver=XC8 \
  -ASTACK=0110h-016fh -pstack=STACK -ACODE=00h-07FFhx4 -ASTRCODE=00h-01FFFh \
  -ASTRING=00h-0FFhx32 -ACONST=00h-0FFhx32 -AENTRY=00h-0FFhx32 \
  -ACOMMON=070h-07Fh -ABANK0=020h-06Fh -ABANK1=0A0h-0EFh \
  -ABANK2=0110h-016Fh -ABANK3=0190h-01EFh \
  -ARAM=020h-06Fh,0A0h-0EFh,0110h-016Fh,0190h-01EFh \
  -AABS1=020h-07Fh,0A0h-0EFh,0110h-016Fh,0190h-01EFh -ASFR0=00h-01Fh \
  -ASFR1=080h-09Fh -ASFR2=0100h-010Fh -ASFR3=0180h-018Fh \
  -preset_vec=00h,intentry,init,end_init -ppowerup=CODE -pcinit=CODE \
  -pfunctab=CODE -ACONFIG=02007h-02008h -pconfig=CONFIG -DCONFIG=2 \
  -AIDLOC=02000h-02003h -pidloc=IDLOC -DIDLOC=2 -AEEDATA=00h-0FFh/02100h \
  -peeprom_data=EEDATA -DEEDATA=2 -DCODE=2 -DSTRCODE=2 -DSTRING=2 -DCONST=2 \
  -DENTRY=2 -k C:\Users\PROPIE~1\AppData\Local\Temp\sd1o.obj \
  dist/default/production\LCD_ADC.X.production.obj 

Object code version is 3.11

Machine type is 16F887



                Name                               Link     Load   Length Selector   Space Scale
C:\Users\PROPIE~1\AppData\Local\Temp\sd1o.obj
                end_init                              0        0        3        0       0
                config                             2007     2007        2     400E       0
dist/default/production\LCD_ADC.X.production.obj
                cinit                               7F2      7F2        E      FE4       0
                text29                             158B     158B       6C     2B16       0
                text28                             1316     1316       21     262C       0
                text27                             1685     1685       B8     2D0A       0
                text26                             129C     129C        C     2538       0
                text25                             12C9     12C9       16     2592       0
                text24                             12F7     12F7       1F     25EE       0
                text23                              800      800        9      FE4       0
                text22                                3        3       11        0       0
                text21                             141A     141A       5B     2834       0
                text20                             12DF     12DF       18     25BE       0
                text19                             14D0     14D0       5D     29A0       0
                text18                             128C     128C        8     2518       0
                text17                              8FD      8FD      109     11FA       0
                text16                             1337     1337       21     266E       0
                text15                             15F7     15F7       8E     2BEE       0
                text14                             152D     152D       5E     2A5A       0
                text13                             13CE     13CE       4C     279C       0
                text12                             1358     1358       2B     26B0       0
                text11                              809      809       21     1012       0
                text10                              A06      A06      132     140C       0
                text9                              173D     173D       C3     2E7A       0
                text8                              1475     1475       5B     28EA       0
                text7                              1383     1383       4B     2706       0
                text6                              12B6     12B6       13     256C       0
                text5                               82A      82A       D3     1054       0
                text4                                14       14      19A       28       0
                text3                              12A8     12A8        E     2550       0
                text2                               D65      D65      29B     1ACA       0
                text1                               1AE      1AE      644      35C       0
                maintext                            B38      B38      22D     1670       0
                cstackBANK0                          20       20       48       20       1
                cstackCOMMON                         70       70        E       70       1
                cstackBANK1                          A0       A0       17       A0       1
                clrtext                            1294     1294        8     2528       0
                bssBANK1                             B7       B7       14       A0       1
                bssBANK0                             68       68        3       20       1
                strings                            1000     1000       9C     2000       0

TOTAL           Name                               Link     Load   Length     Space
        CLASS   STACK          

        CLASS   CODE           
                end_init                              0        0        3         0
                cinit                               7F2      7F2        E         0
                text29                             158B     158B       6C         0
                text28                             1316     1316       21         0
                text27                             1685     1685       B8         0
                text26                             129C     129C        C         0
                text25                             12C9     12C9       16         0
                text24                             12F7     12F7       1F         0
                text23                              800      800        9         0
                text22                                3        3       11         0
                text21                             141A     141A       5B         0
                text20                             12DF     12DF       18         0
                text19                             14D0     14D0       5D         0
                text18                             128C     128C        8         0
                text17                              8FD      8FD      109         0
                text16                             1337     1337       21         0
                text15                             15F7     15F7       8E         0
                text14                             152D     152D       5E         0
                text13                             13CE     13CE       4C         0
                text12                             1358     1358       2B         0
                text11                              809      809       21         0
                text10                              A06      A06      132         0
                text9                              173D     173D       C3         0
                text8                              1475     1475       5B         0
                text7                              1383     1383       4B         0
                text6                              12B6     12B6       13         0
                text5                               82A      82A       D3         0
                text4                                14       14      19A         0
                text3                              12A8     12A8        E         0
                text2                               D65      D65      29B         0
                text1                               1AE      1AE      644         0
                maintext                            B38      B38      22D         0
                clrtext                            1294     1294        8         0

        CLASS   STRCODE        

        CLASS   STRING         
                strings                            1000     1000       9C         0

        CLASS   CONST          

        CLASS   ENTRY          

        CLASS   COMMON         
                cstackCOMMON                         70       70        E         1

        CLASS   BANK0          
                cstackBANK0                          20       20       48         1
                bssBANK0                             68       68        3         1

        CLASS   BANK1          
                cstackBANK1                          A0       A0       17         1
                bssBANK1                             B7       B7       14         1

        CLASS   BANK2          

        CLASS   BANK3          

        CLASS   RAM            

        CLASS   ABS1           
                abs_s1                               7E       7E        2         1

        CLASS   SFR0           

        CLASS   SFR1           

        CLASS   SFR2           

        CLASS   SFR3           

        CLASS   CONFIG         
                config                             2007     2007        2         0

        CLASS   IDLOC          

        CLASS   EEDATA         



SEGMENTS        Name                           Load    Length   Top    Selector   Space  Class     Delta

                reset_vec                      000000  000014  000014         0       0  CODE        2
                cstackBANK0                    000020  00004B  00006B        20       1  BANK0       1
                text4                          000014  00019A  0001AE        28       0  CODE        2
                cstackCOMMON                   000070  00000E  00007E        70       1  COMMON      1
                cstackBANK1                    0000A0  00002B  0000CB        A0       1  BANK1       1
                text1                          0001AE  000644  0007F2       35C       0  CODE        2
                cinit                          0007F2  000017  000809       FE4       0  CODE        2
                text11                         000809  000021  00082A      1012       0  CODE        2
                text5                          00082A  0000D3  0008FD      1054       0  CODE        2
                text17                         0008FD  000109  000A06      11FA       0  CODE        2
                text10                         000A06  000132  000B38      140C       0  CODE        2
                maintext                       000B38  00022D  000D65      1670       0  CODE        2
                text2                          000D65  00029B  001000      1ACA       0  CODE        2
                strings                        001000  00009C  00109C      2000       0  STRING      2
                text18                         00128C  000008  001294      2518       0  CODE        2
                clrtext                        001294  000008  00129C      2528       0  CODE        2
                text26                         00129C  00000C  0012A8      2538       0  CODE        2
                text3                          0012A8  00000E  0012B6      2550       0  CODE        2
                text6                          0012B6  000013  0012C9      256C       0  CODE        2
                text25                         0012C9  000016  0012DF      2592       0  CODE        2
                text20                         0012DF  000018  0012F7      25BE       0  CODE        2
                text24                         0012F7  00001F  001316      25EE       0  CODE        2
                text28                         001316  000021  001337      262C       0  CODE        2
                text16                         001337  000021  001358      266E       0  CODE        2
                text12                         001358  00002B  001383      26B0       0  CODE        2
                text7                          001383  00004B  0013CE      2706       0  CODE        2
                text13                         0013CE  00004C  00141A      279C       0  CODE        2
                text21                         00141A  00005B  001475      2834       0  CODE        2
                text8                          001475  00005B  0014D0      28EA       0  CODE        2
                text19                         0014D0  00005D  00152D      29A0       0  CODE        2
                text14                         00152D  00005E  00158B      2A5A       0  CODE        2
                text29                         00158B  00006C  0015F7      2B16       0  CODE        2
                text15                         0015F7  00008E  001685      2BEE       0  CODE        2
                text27                         001685  0000B8  00173D      2D0A       0  CODE        2
                text9                          00173D  0000C3  001800      2E7A       0  CODE        2
                config                         002007  000002  002009      400E       0  CONFIG      2


UNUSED ADDRESS RANGES

        Name                Unused          Largest block    Delta
        BANK0            006B-006F              5           1
        BANK1            00CB-00EF             25           1
        BANK2            0110-016F             60           1
        BANK3            0190-01EF             60           1
        CODE             109C-128B            1F0           2
                         1800-1FFF            800
        CONST            109C-128B            100           2
                         1800-1FFF            100
        EEDATA           2100-21FF            100           2
        ENTRY            109C-128B            100           2
                         1800-1FFF            100
        IDLOC            2000-2003              4           2
        RAM              006B-006F              5           1
                         00CB-00EF             25
                         0110-016F             60
                         0190-01EF             60
        SFR0             0000-001F             20           1
        SFR1             0080-009F             20           1
        SFR2             0100-010F             10           1
        SFR3             0180-018F             10           1
        STACK            0110-016F             60           1
        STRCODE          109C-128B            1F0           2
                         1800-1FFF            800
        STRING           109C-128B            100           2
                         1800-1FFF            100

                                  Symbol Table

?___awdiv                 cstackCOMMON 0077
?___awmod                 cstackCOMMON 0070
?___awtoft                cstackCOMMON 0078
?___ftadd                 cstackBANK0  0047
?___ftdiv                 cstackBANK0  0037
?___ftmul                 cstackBANK0  0027
?___ftneg                 cstackCOMMON 0070
?___ftpack                cstackCOMMON 0070
?___ftsub                 cstackBANK0  0054
?___fttol                 cstackBANK0  0040
?___lldiv                 cstackCOMMON 0070
?___llmod                 cstackCOMMON 0070
?___lltoft                cstackCOMMON 0078
?___wmul                  cstackCOMMON 0070
?__div_to_l_              cstackCOMMON 0070
?__tdiv_to_l_             cstackCOMMON 0070
?_fround                  cstackBANK0  0037
?_scale                   cstackBANK0  0037
?_sprintf                 cstackBANK0  005A
_ADCON0                   (abs)        001F
_ADCON1                   (abs)        009F
_ADRESH                   (abs)        001E
_ADRESL                   (abs)        009E
_ANSEL                    (abs)        0188
_ANSELH                   (abs)        0189
_GO_DONE                  (abs)        00F9
_OPTION_REG               (abs)        0081
_PORTC                    (abs)        0007
_RA1                      (abs)        0029
_RA2                      (abs)        002A
_RA4                      (abs)        002C
_T0IF                     (abs)        005A
_TMR0                     (abs)        0001
_TRISA                    (abs)        0085
_TRISB                    (abs)        0086
_TRISC                    (abs)        0087
_TRISE                    (abs)        0089
__CFG_BOR4V$BOR40V        (abs)        0000
__CFG_BOREN$OFF           (abs)        0000
__CFG_CP$OFF              (abs)        0000
__CFG_CPD$OFF             (abs)        0000
__CFG_FCMEN$OFF           (abs)        0000
__CFG_FOSC$INTRC_NOCLKOUT (abs)        0000
__CFG_IESO$OFF            (abs)        0000
__CFG_LVP$OFF             (abs)        0000
__CFG_MCLRE$OFF           (abs)        0000
__CFG_PWRTE$OFF           (abs)        0000
__CFG_WDTE$OFF            (abs)        0000
__CFG_WRT$OFF             (abs)        0000
__Habs1                   abs1         0000
__Hbank0                  bank0        0000
__Hbank1                  bank1        0000
__Hbank2                  bank2        0000
__Hbank3                  bank3        0000
__HbssBANK0               bssBANK0     0000
__HbssBANK1               bssBANK1     0000
__Hcinit                  cinit        0800
__Hclrtext                clrtext      0000
__Hcode                   code         0000
__Hcommon                 common       0000
__Hconfig                 config       2009
__HcstackBANK0            cstackBANK0  0000
__HcstackBANK1            cstackBANK1  0000
__HcstackCOMMON           cstackCOMMON 0000
__Heeprom_data            eeprom_data  0000
__Hend_init               end_init     0003
__Hfunctab                functab      0000
__Hidloc                  idloc        0000
__Hinit                   init         0000
__Hintentry               intentry     0000
__Hmaintext               maintext     0000
__Hpowerup                powerup      0000
__Hram                    ram          0000
__Hreset_vec              reset_vec    0000
__Hsfr0                   sfr0         0000
__Hsfr1                   sfr1         0000
__Hsfr2                   sfr2         0000
__Hsfr3                   sfr3         0000
__Hspace_0                (abs)        2009
__Hspace_1                (abs)        00CB
__Hspace_2                (abs)        0000
__Hspace_3                (abs)        0000
__Hstack                  stack        0000
__Hstrings                strings      0000
__Htext                   text         0000
__Labs1                   abs1         0000
__Lbank0                  bank0        0000
__Lbank1                  bank1        0000
__Lbank2                  bank2        0000
__Lbank3                  bank3        0000
__LbssBANK0               bssBANK0     0000
__LbssBANK1               bssBANK1     0000
__Lcinit                  cinit        07F2
__Lclrtext                clrtext      0000
__Lcode                   code         0000
__Lcommon                 common       0000
__Lconfig                 config       2007
__LcstackBANK0            cstackBANK0  0000
__LcstackBANK1            cstackBANK1  0000
__LcstackCOMMON           cstackCOMMON 0000
__Leeprom_data            eeprom_data  0000
__Lend_init               end_init     0000
__Lfunctab                functab      0000
__Lidloc                  idloc        0000
__Linit                   init         0000
__Lintentry               intentry     0000
__Lmaintext               maintext     0000
__Lpowerup                powerup      0000
__Lram                    ram          0000
__Lreset_vec              reset_vec    0000
__Lsfr0                   sfr0         0000
__Lsfr1                   sfr1         0000
__Lsfr2                   sfr2         0000
__Lsfr3                   sfr3         0000
__Lspace_0                (abs)        0000
__Lspace_1                (abs)        0000
__Lspace_2                (abs)        0000
__Lspace_3                (abs)        0000
__Lstack                  stack        0000
__Lstrings                strings      0000
__Ltext                   text         0000
__S0                      (abs)        2009
__S1                      (abs)        00CB
__S2                      (abs)        0000
__S3                      (abs)        0000
___awdiv                  text8        1475
___awdiv@counter          cstackBANK0  0020
___awdiv@dividend         cstackCOMMON 0079
___awdiv@divisor          cstackCOMMON 0077
___awdiv@quotient         cstackBANK0  0022
___awdiv@sign             cstackBANK0  0021
___awmod                  text7        1383
___awmod@counter          cstackCOMMON 0075
___awmod@dividend         cstackCOMMON 0072
___awmod@divisor          cstackCOMMON 0070
___awmod@sign             cstackCOMMON 0076
___awtoft                 text28       1316
___awtoft@c               cstackCOMMON 0078
___awtoft@sign            cstackCOMMON 007D
___bmul                   text6        12B6
___bmul@multiplicand      cstackBANK0  0024
___bmul@multiplier        cstackBANK0  0026
___bmul@product           cstackBANK0  0025
___ftadd                  text17       08FD
___ftadd@exp1             cstackBANK0  0053
___ftadd@exp2             cstackBANK0  0052
___ftadd@f1               cstackBANK0  0047
___ftadd@f2               cstackBANK0  004A
___ftadd@sign             cstackBANK0  0051
___ftdiv                  text27       1685
___ftdiv@cntr             cstackBANK0  0041
___ftdiv@exp              cstackBANK0  0045
___ftdiv@f1               cstackBANK0  003A
___ftdiv@f2               cstackBANK0  0037
___ftdiv@f3               cstackBANK0  0042
___ftdiv@sign             cstackBANK0  0046
___ftge                   text19       14D0
___ftge@ff1               cstackCOMMON 0070
___ftge@ff2               cstackCOMMON 0073
___ftmul                  text5        082A
___ftmul@cntr             cstackBANK0  0035
___ftmul@exp              cstackBANK0  0031
___ftmul@f1               cstackBANK0  0027
___ftmul@f2               cstackBANK0  002A
___ftmul@f3_as_product    cstackBANK0  0032
___ftmul@sign             cstackBANK0  0036
___ftneg                  text18       128C
___ftneg@f1               cstackCOMMON 0070
___ftpack                 text29       158B
___ftpack@arg             cstackCOMMON 0070
___ftpack@exp             cstackCOMMON 0073
___ftpack@sign            cstackCOMMON 0074
___ftsub                  text16       1337
___ftsub@f1               cstackBANK0  0057
___ftsub@f2               cstackBANK0  0054
___fttol                  text15       15F7
___fttol@exp1             cstackBANK0  004D
___fttol@f1               cstackBANK0  0040
___fttol@lval             cstackBANK0  0049
___fttol@sign1            cstackBANK0  0048
___int_sp                 stack        0000
___latbits                (abs)        0002
___lldiv                  text14       152D
___lldiv@counter          cstackCOMMON 007D
___lldiv@dividend         cstackCOMMON 0074
___lldiv@divisor          cstackCOMMON 0070
___lldiv@quotient         cstackCOMMON 0079
___llmod                  text13       13CE
___llmod@counter          cstackCOMMON 0079
___llmod@dividend         cstackCOMMON 0074
___llmod@divisor          cstackCOMMON 0070
___lltoft                 text12       1358
___lltoft@c               cstackCOMMON 0078
___lltoft@exp             cstackCOMMON 007D
___sp                     stack        0000
___wmul                   text11       0809
___wmul@multiplicand      cstackCOMMON 0072
___wmul@multiplier        cstackCOMMON 0070
___wmul@product           cstackCOMMON 0074
__div_to_l_               text10       0A06
__div_to_l_@cntr          cstackBANK0  0024
__div_to_l_@exp1          cstackBANK0  0025
__div_to_l_@f1            cstackCOMMON 0070
__div_to_l_@f2            cstackCOMMON 0073
__div_to_l_@quot          cstackBANK0  0020
__end_of___awdiv          text8        14D0
__end_of___awmod          text7        13CE
__end_of___awtoft         text28       1337
__end_of___bmul           text6        12C9
__end_of___ftadd          text17       0A06
__end_of___ftdiv          text27       173D
__end_of___ftge           text19       152D
__end_of___ftmul          text5        08FD
__end_of___ftneg          text18       1294
__end_of___ftpack         text29       15F7
__end_of___ftsub          text16       1358
__end_of___fttol          text15       1685
__end_of___lldiv          text14       158B
__end_of___llmod          text13       141A
__end_of___lltoft         text12       1383
__end_of___wmul           text11       082A
__end_of__div_to_l_       text10       0B38
__end_of__initialization  cinit        07FC
__end_of__npowers_        strings      1055
__end_of__powers_         strings      107C
__end_of__stringtab       strings      1006
__end_of__tdiv_to_l_      text9        1800
__end_of_dpowers          strings      102E
__end_of_fround           text4        01AE
__end_of_isdigit          text3        12B6
__end_of_lcd_clear        text22       0014
__end_of_lcd_goto         text23       0809
__end_of_lcd_init         text21       1475
__end_of_lcd_puts         text20       12F7
__end_of_lcd_write        text24       1316
__end_of_main             maintext     0D65
__end_of_msecbase         text26       12A8
__end_of_pause            text25       12DF
__end_of_scale            text2        1000
__end_of_sprintf          text1        07F2
__initialization          cinit        07F2
__npowers_                strings      102E
__pbssBANK0               bssBANK0     0068
__pbssBANK1               bssBANK1     00B7
__pcstackBANK0            cstackBANK0  0020
__pcstackBANK1            cstackBANK1  00A0
__pcstackCOMMON           cstackCOMMON 0070
__pmaintext               maintext     0B38
__powers_                 strings      1055
__pstrings                strings      1000
__ptext1                  text1        01AE
__ptext10                 text10       0A06
__ptext11                 text11       0809
__ptext12                 text12       1358
__ptext13                 text13       13CE
__ptext14                 text14       152D
__ptext15                 text15       15F7
__ptext16                 text16       1337
__ptext17                 text17       08FD
__ptext18                 text18       128C
__ptext19                 text19       14D0
__ptext2                  text2        0D65
__ptext20                 text20       12DF
__ptext21                 text21       141A
__ptext22                 text22       0003
__ptext23                 text23       0800
__ptext24                 text24       12F7
__ptext25                 text25       12C9
__ptext26                 text26       129C
__ptext27                 text27       1685
__ptext28                 text28       1316
__ptext29                 text29       158B
__ptext3                  text3        12A8
__ptext4                  text4        0014
__ptext5                  text5        082A
__ptext6                  text6        12B6
__ptext7                  text7        1383
__ptext8                  text8        1475
__ptext9                  text9        173D
__size_of___awdiv         (abs)        0000
__size_of___awmod         (abs)        0000
__size_of___awtoft        (abs)        0000
__size_of___bmul          (abs)        0000
__size_of___ftadd         (abs)        0000
__size_of___ftdiv         (abs)        0000
__size_of___ftge          (abs)        0000
__size_of___ftmul         (abs)        0000
__size_of___ftneg         (abs)        0000
__size_of___ftpack        (abs)        0000
__size_of___ftsub         (abs)        0000
__size_of___fttol         (abs)        0000
__size_of___lldiv         (abs)        0000
__size_of___llmod         (abs)        0000
__size_of___lltoft        (abs)        0000
__size_of___wmul          (abs)        0000
__size_of__div_to_l_      (abs)        0000
__size_of__tdiv_to_l_     (abs)        0000
__size_of_fround          (abs)        0000
__size_of_isdigit         (abs)        0000
__size_of_lcd_clear       (abs)        0000
__size_of_lcd_goto        (abs)        0000
__size_of_lcd_init        (abs)        0000
__size_of_lcd_puts        (abs)        0000
__size_of_lcd_write       (abs)        0000
__size_of_main            (abs)        0000
__size_of_msecbase        (abs)        0000
__size_of_pause           (abs)        0000
__size_of_scale           (abs)        0000
__size_of_sprintf         (abs)        0000
__stringbase              strings      1005
__stringtab               strings      1000
__tdiv_to_l_              text9        173D
__tdiv_to_l_@cntr         cstackBANK0  0024
__tdiv_to_l_@exp1         cstackBANK0  0025
__tdiv_to_l_@f1           cstackCOMMON 0070
__tdiv_to_l_@f2           cstackCOMMON 0073
__tdiv_to_l_@quot         cstackBANK0  0020
_buffer                   bssBANK1     00B7
_dpowers                  strings      1006
_fround                   text4        0014
_fround$966               cstackBANK0  0043
_fround$967               cstackBANK0  0040
_isdigit                  text3        12A8
_isdigit$755              cstackCOMMON 0070
_lcd_clear                text22       0003
_lcd_goto                 text23       0800
_lcd_init                 text21       141A
_lcd_puts                 text20       12DF
_lcd_write                text24       12F7
_main                     maintext     0B38
_msecbase                 text26       129C
_pause                    text25       12C9
_read                     bssBANK0     0068
_scale                    text2        0D65
_scale$968                cstackBANK0  003C
_sprintf                  text1        01AE
_sprintf$969              cstackBANK1  00A0
btemp                     (abs)        007E
clear_ram0                clrtext      1294
end_of_initialization     cinit        07FC
fround@prec               cstackBANK0  0046
intlevel0                 functab      0000
intlevel1                 functab      0000
intlevel2                 functab      0000
intlevel3                 functab      0000
intlevel4                 functab      0000
intlevel5                 functab      0000
isdigit@c                 cstackCOMMON 0071
lcd_goto@pos              cstackCOMMON 0076
lcd_init@init_value       cstackCOMMON 0077
lcd_puts@s                cstackCOMMON 0077
lcd_write@c               cstackCOMMON 0075
ltemp                     (abs)        007E
ltemp0                    (abs)        007E
ltemp1                    (abs)        0082
ltemp2                    (abs)        0086
ltemp3                    (abs)        0080
pause@usvalue             cstackCOMMON 0070
pause@x                   cstackCOMMON 0072
reset_vec                 reset_vec    0000
scale@scl                 cstackBANK0  003F
sprintf@ap                cstackBANK1  00A3
sprintf@c                 cstackBANK1  00B6
sprintf@exp               cstackBANK1  00AA
sprintf@f                 cstackBANK0  005A
sprintf@flag              cstackBANK1  00A4
sprintf@fval              cstackBANK1  00B3
sprintf@prec              cstackBANK1  00B0
sprintf@sp                cstackBANK1  00B2
sprintf@tmpval            cstackBANK1  00AC
sprintf@val               cstackBANK1  00A6
stackhi                   (abs)        0000
stacklo                   (abs)        0000
start                     init         0000
start_initialization      cinit        07F2
ttemp                     (abs)        007E
ttemp0                    (abs)        007E
ttemp1                    (abs)        0081
ttemp2                    (abs)        0084
ttemp3                    (abs)        0087
ttemp4                    (abs)        007F
wtemp                     (abs)        007E
wtemp0                    (abs)        007E
wtemp1                    (abs)        0080
wtemp2                    (abs)        0082
wtemp3                    (abs)        0084
wtemp4                    (abs)        0086
wtemp5                    (abs)        0088
wtemp6                    (abs)        007F


FUNCTION INFORMATION:

 *************** function _main *****************
 Defined at:
		line 33 in file "main.c"
 Parameters:    Size  Location     Type
		None
 Auto vars:     Size  Location     Type
		None
 Return value:  Size  Location     Type
		None               void
 Registers used:
		wreg, fsr0l, fsr0h, status,2, status,0, btemp+1, pclath, cstack
 Tracked objects:
		On entry : 
		On exit  : 
		Unchanged: 
 Data sizes:     COMMON   BANK0   BANK1   BANK3   BANK2
      Params:         0       0       0       0       0
      Locals:         0       0       0       0       0
      Temps:          0       4       0       0       0
      Totals:         0       4       0       0       0
Total ram usage:        4 bytes
 Hardware stack levels required when called:    5
 This function calls:
		___awtoft
		___ftdiv
		___ftmul
		_lcd_clear
		_lcd_goto
		_lcd_init
		_lcd_puts
		_pause
		_sprintf
 This function is called by:
		Startup code after reset
 This function uses a non-reentrant model


 *************** function _sprintf *****************
 Defined at:
		line 492 in file "C:\Program Files (x86)\Microchip\xc8\v1.35\sources\common\doprnt.c"
 Parameters:    Size  Location     Type
  sp              1    wreg     PTR unsigned char 
		 -> buffer(20), 
  f               1   58[BANK0 ] PTR const unsigned char 
		 -> STR_4(8), STR_3(8), STR_2(8), STR_1(8), 
 Auto vars:     Size  Location     Type
  sp              1   18[BANK1 ] PTR unsigned char 
		 -> buffer(20), 
  tmpval          4   12[BANK1 ] struct .
  val             4    6[BANK1 ] unsigned long 
  fval            3   19[BANK1 ] unsigned long 
  prec            2   16[BANK1 ] int 
  exp             2   10[BANK1 ] int 
  flag            2    4[BANK1 ] unsigned short 
  cp              2    0        PTR const unsigned char 
  len             2    0        unsigned int 
  width           2    0        int 
  c               1   22[BANK1 ] char 
  ap              1    3[BANK1 ] PTR void [1]
		 -> ?_sprintf(2), 
  d               1    0        unsigned char 
 Return value:  Size  Location     Type
                  2   58[BANK0 ] int 
 Registers used:
		wreg, fsr0l, fsr0h, status,2, status,0, btemp+1, pclath, cstack
 Tracked objects:
		On entry : 
		On exit  : 
		Unchanged: 
 Data sizes:     COMMON   BANK0   BANK1   BANK3   BANK2
      Params:         0       4       0       0       0
      Locals:         0       0      23       0       0
      Temps:          0       6       0       0       0
      Totals:         0      10      23       0       0
Total ram usage:       33 bytes
 Hardware stack levels used:    1
 Hardware stack levels required when called:    3
 This function calls:
		___awdiv
		___ftadd
		___ftge
		___ftmul
		___ftneg
		___ftsub
		___fttol
		___lldiv
		___llmod
		___lltoft
		___wmul
		__div_to_l_
		__tdiv_to_l_
		_fround
		_isdigit
		_scale
 This function is called by:
		_main
 This function uses a non-reentrant model


 *************** function _scale *****************
 Defined at:
		line 425 in file "C:\Program Files (x86)\Microchip\xc8\v1.35\sources\common\doprnt.c"
 Parameters:    Size  Location     Type
  scl             1    wreg     char 
 Auto vars:     Size  Location     Type
  scl             1   31[BANK0 ] char 
 Return value:  Size  Location     Type
                  3   23[BANK0 ] char 
 Registers used:
		wreg, fsr0l, fsr0h, status,2, status,0, pclath, cstack
 Tracked objects:
		On entry : 
		On exit  : 
		Unchanged: 
 Data sizes:     COMMON   BANK0   BANK1   BANK3   BANK2
      Params:         0       3       0       0       0
      Locals:         0       4       0       0       0
      Temps:          0       2       0       0       0
      Totals:         0       9       0       0       0
Total ram usage:        9 bytes
 Hardware stack levels used:    1
 Hardware stack levels required when called:    2
 This function calls:
		___awdiv
		___awmod
		___bmul
		___ftmul
 This function is called by:
		_sprintf
 This function uses a non-reentrant model


 *************** function _isdigit *****************
 Defined at:
		line 8 in file "C:\Program Files (x86)\Microchip\xc8\v1.35\sources\common\isdigit.c"
 Parameters:    Size  Location     Type
  c               1    wreg     unsigned char 
 Auto vars:     Size  Location     Type
  c               1    1[COMMON] unsigned char 
 Return value:  Size  Location     Type
		None               void
 Registers used:
		wreg, status,2, status,0
 Tracked objects:
		On entry : 
		On exit  : 
		Unchanged: 
 Data sizes:     COMMON   BANK0   BANK1   BANK3   BANK2
      Params:         0       0       0       0       0
      Locals:         2       0       0       0       0
      Temps:          0       0       0       0       0
      Totals:         2       0       0       0       0
Total ram usage:        2 bytes
 Hardware stack levels used:    1
 This function calls:
		Nothing
 This function is called by:
		_sprintf
 This function uses a non-reentrant model


 *************** function _fround *****************
 Defined at:
		line 409 in file "C:\Program Files (x86)\Microchip\xc8\v1.35\sources\common\doprnt.c"
 Parameters:    Size  Location     Type
  prec            1    wreg     unsigned char 
 Auto vars:     Size  Location     Type
  prec            1   38[BANK0 ] unsigned char 
 Return value:  Size  Location     Type
                  3   23[BANK0 ] unsigned char 
 Registers used:
		wreg, fsr0l, fsr0h, status,2, status,0, pclath, cstack
 Tracked objects:
		On entry : 
		On exit  : 
		Unchanged: 
 Data sizes:     COMMON   BANK0   BANK1   BANK3   BANK2
      Params:         0       3       0       0       0
      Locals:         0       7       0       0       0
      Temps:          0       6       0       0       0
      Totals:         0      16       0       0       0
Total ram usage:       16 bytes
 Hardware stack levels used:    1
 Hardware stack levels required when called:    2
 This function calls:
		___awdiv
		___awmod
		___bmul
		___ftmul
 This function is called by:
		_sprintf
 This function uses a non-reentrant model


 *************** function ___ftmul *****************
 Defined at:
		line 62 in file "C:\Program Files (x86)\Microchip\xc8\v1.35\sources\common\ftmul.c"
 Parameters:    Size  Location     Type
  f1              3    7[BANK0 ] float 
  f2              3   10[BANK0 ] float 
 Auto vars:     Size  Location     Type
  f3_as_produc    3   18[BANK0 ] unsigned um
  sign            1   22[BANK0 ] unsigned char 
  cntr            1   21[BANK0 ] unsigned char 
  exp             1   17[BANK0 ] unsigned char 
 Return value:  Size  Location     Type
                  3    7[BANK0 ] float 
 Registers used:
		wreg, status,2, status,0, pclath, cstack
 Tracked objects:
		On entry : 
		On exit  : 
		Unchanged: 
 Data sizes:     COMMON   BANK0   BANK1   BANK3   BANK2
      Params:         0       6       0       0       0
      Locals:         0       6       0       0       0
      Temps:          0       4       0       0       0
      Totals:         0      16       0       0       0
Total ram usage:       16 bytes
 Hardware stack levels used:    1
 Hardware stack levels required when called:    1
 This function calls:
		___ftpack
 This function is called by:
		_main
		_fround
		_scale
		_sprintf
 This function uses a non-reentrant model


 *************** function ___bmul *****************
 Defined at:
		line 4 in file "C:\Program Files (x86)\Microchip\xc8\v1.35\sources\common\Umul8.c"
 Parameters:    Size  Location     Type
  multiplier      1    wreg     unsigned char 
  multiplicand    1    4[BANK0 ] unsigned char 
 Auto vars:     Size  Location     Type
  multiplier      1    6[BANK0 ] unsigned char 
  product         1    5[BANK0 ] unsigned char 
 Return value:  Size  Location     Type
                  1    wreg      unsigned char 
 Registers used:
		wreg, status,2, status,0
 Tracked objects:
		On entry : 
		On exit  : 
		Unchanged: 
 Data sizes:     COMMON   BANK0   BANK1   BANK3   BANK2
      Params:         0       1       0       0       0
      Locals:         0       2       0       0       0
      Temps:          1       0       0       0       0
      Totals:         1       3       0       0       0
Total ram usage:        4 bytes
 Hardware stack levels used:    1
 This function calls:
		Nothing
 This function is called by:
		_fround
		_scale
 This function uses a non-reentrant model


 *************** function ___awmod *****************
 Defined at:
		line 6 in file "C:\Program Files (x86)\Microchip\xc8\v1.35\sources\common\awmod.c"
 Parameters:    Size  Location     Type
  divisor         2    0[COMMON] int 
  dividend        2    2[COMMON] int 
 Auto vars:     Size  Location     Type
  sign            1    6[COMMON] unsigned char 
  counter         1    5[COMMON] unsigned char 
 Return value:  Size  Location     Type
                  2    0[COMMON] int 
 Registers used:
		wreg, status,2, status,0
 Tracked objects:
		On entry : 
		On exit  : 
		Unchanged: 
 Data sizes:     COMMON   BANK0   BANK1   BANK3   BANK2
      Params:         4       0       0       0       0
      Locals:         2       0       0       0       0
      Temps:          1       0       0       0       0
      Totals:         7       0       0       0       0
Total ram usage:        7 bytes
 Hardware stack levels used:    1
 This function calls:
		Nothing
 This function is called by:
		_fround
		_scale
 This function uses a non-reentrant model


 *************** function ___awdiv *****************
 Defined at:
		line 6 in file "C:\Program Files (x86)\Microchip\xc8\v1.35\sources\common\awdiv.c"
 Parameters:    Size  Location     Type
  divisor         2    7[COMMON] int 
  dividend        2    9[COMMON] int 
 Auto vars:     Size  Location     Type
  quotient        2    2[BANK0 ] int 
  sign            1    1[BANK0 ] unsigned char 
  counter         1    0[BANK0 ] unsigned char 
 Return value:  Size  Location     Type
                  2    7[COMMON] int 
 Registers used:
		wreg, status,2, status,0
 Tracked objects:
		On entry : 
		On exit  : 
		Unchanged: 
 Data sizes:     COMMON   BANK0   BANK1   BANK3   BANK2
      Params:         4       0       0       0       0
      Locals:         0       4       0       0       0
      Temps:          1       0       0       0       0
      Totals:         5       4       0       0       0
Total ram usage:        9 bytes
 Hardware stack levels used:    1
 This function calls:
		Nothing
 This function is called by:
		_fround
		_scale
		_sprintf
 This function uses a non-reentrant model


 *************** function __tdiv_to_l_ *****************
 Defined at:
		line 60 in file "C:\Program Files (x86)\Microchip\xc8\v1.35\sources\common\ftdivl.c"
 Parameters:    Size  Location     Type
  f1              3    0[COMMON] float 
  f2              3    3[COMMON] float 
 Auto vars:     Size  Location     Type
  quot            4    0[BANK0 ] unsigned long 
  exp1            1    5[BANK0 ] unsigned char 
  cntr            1    4[BANK0 ] unsigned char 
 Return value:  Size  Location     Type
                  4    0[COMMON] unsigned long 
 Registers used:
		wreg, status,2, status,0
 Tracked objects:
		On entry : 
		On exit  : 
		Unchanged: 
 Data sizes:     COMMON   BANK0   BANK1   BANK3   BANK2
      Params:         6       0       0       0       0
      Locals:         0       6       0       0       0
      Temps:          4       0       0       0       0
      Totals:        10       6       0       0       0
Total ram usage:       16 bytes
 Hardware stack levels used:    1
 This function calls:
		Nothing
 This function is called by:
		_sprintf
 This function uses a non-reentrant model


 *************** function __div_to_l_ *****************
 Defined at:
		line 60 in file "C:\Program Files (x86)\Microchip\xc8\v1.35\sources\common\fldivl.c"
 Parameters:    Size  Location     Type
  f1              3    0[COMMON] unsigned long 
  f2              3    3[COMMON] unsigned long 
 Auto vars:     Size  Location     Type
  quot            4    0[BANK0 ] unsigned long 
  exp1            1    5[BANK0 ] unsigned char 
  cntr            1    4[BANK0 ] unsigned char 
 Return value:  Size  Location     Type
                  4    0[COMMON] unsigned long 
 Registers used:
		wreg, fsr0l, fsr0h, status,2, status,0
 Tracked objects:
		On entry : 
		On exit  : 
		Unchanged: 
 Data sizes:     COMMON   BANK0   BANK1   BANK3   BANK2
      Params:         6       0       0       0       0
      Locals:         0       6       0       0       0
      Temps:          8       0       0       0       0
      Totals:        14       6       0       0       0
Total ram usage:       20 bytes
 Hardware stack levels used:    1
 This function calls:
		Nothing
 This function is called by:
		_sprintf
 This function uses a non-reentrant model


 *************** function ___wmul *****************
 Defined at:
		line 15 in file "C:\Program Files (x86)\Microchip\xc8\v1.35\sources\common\Umul16.c"
 Parameters:    Size  Location     Type
  multiplier      2    0[COMMON] unsigned int 
  multiplicand    2    2[COMMON] unsigned int 
 Auto vars:     Size  Location     Type
  product         2    4[COMMON] unsigned int 
 Return value:  Size  Location     Type
                  2    0[COMMON] unsigned int 
 Registers used:
		wreg, status,2, status,0
 Tracked objects:
		On entry : 
		On exit  : 
		Unchanged: 
 Data sizes:     COMMON   BANK0   BANK1   BANK3   BANK2
      Params:         4       0       0       0       0
      Locals:         2       0       0       0       0
      Temps:          0       0       0       0       0
      Totals:         6       0       0       0       0
Total ram usage:        6 bytes
 Hardware stack levels used:    1
 This function calls:
		Nothing
 This function is called by:
		_sprintf
 This function uses a non-reentrant model


 *************** function ___lltoft *****************
 Defined at:
		line 35 in file "C:\Program Files (x86)\Microchip\xc8\v1.35\sources\common\lltoft.c"
 Parameters:    Size  Location     Type
  c               4    8[COMMON] unsigned long 
 Auto vars:     Size  Location     Type
  exp             1   13[COMMON] unsigned char 
 Return value:  Size  Location     Type
                  3    8[COMMON] float 
 Registers used:
		wreg, status,2, status,0, pclath, cstack
 Tracked objects:
		On entry : 
		On exit  : 
		Unchanged: 
 Data sizes:     COMMON   BANK0   BANK1   BANK3   BANK2
      Params:         4       0       0       0       0
      Locals:         1       0       0       0       0
      Temps:          1       0       0       0       0
      Totals:         6       0       0       0       0
Total ram usage:        6 bytes
 Hardware stack levels used:    1
 Hardware stack levels required when called:    1
 This function calls:
		___ftpack
 This function is called by:
		_sprintf
 This function uses a non-reentrant model


 *************** function ___llmod *****************
 Defined at:
		line 6 in file "C:\Program Files (x86)\Microchip\xc8\v1.35\sources\common\llmod.c"
 Parameters:    Size  Location     Type
  divisor         4    0[COMMON] unsigned long 
  dividend        4    4[COMMON] unsigned long 
 Auto vars:     Size  Location     Type
  counter         1    9[COMMON] unsigned char 
 Return value:  Size  Location     Type
                  4    0[COMMON] unsigned long 
 Registers used:
		wreg, status,2, status,0
 Tracked objects:
		On entry : 
		On exit  : 
		Unchanged: 
 Data sizes:     COMMON   BANK0   BANK1   BANK3   BANK2
      Params:         8       0       0       0       0
      Locals:         1       0       0       0       0
      Temps:          1       0       0       0       0
      Totals:        10       0       0       0       0
Total ram usage:       10 bytes
 Hardware stack levels used:    1
 This function calls:
		Nothing
 This function is called by:
		_sprintf
 This function uses a non-reentrant model


 *************** function ___lldiv *****************
 Defined at:
		line 6 in file "C:\Program Files (x86)\Microchip\xc8\v1.35\sources\common\lldiv.c"
 Parameters:    Size  Location     Type
  divisor         4    0[COMMON] unsigned long 
  dividend        4    4[COMMON] unsigned long 
 Auto vars:     Size  Location     Type
  quotient        4    9[COMMON] unsigned long 
  counter         1   13[COMMON] unsigned char 
 Return value:  Size  Location     Type
                  4    0[COMMON] unsigned long 
 Registers used:
		wreg, status,2, status,0
 Tracked objects:
		On entry : 
		On exit  : 
		Unchanged: 
 Data sizes:     COMMON   BANK0   BANK1   BANK3   BANK2
      Params:         8       0       0       0       0
      Locals:         5       0       0       0       0
      Temps:          1       0       0       0       0
      Totals:        14       0       0       0       0
Total ram usage:       14 bytes
 Hardware stack levels used:    1
 This function calls:
		Nothing
 This function is called by:
		_sprintf
 This function uses a non-reentrant model


 *************** function ___fttol *****************
 Defined at:
		line 44 in file "C:\Program Files (x86)\Microchip\xc8\v1.35\sources\common\fttol.c"
 Parameters:    Size  Location     Type
  f1              3   32[BANK0 ] float 
 Auto vars:     Size  Location     Type
  lval            4   41[BANK0 ] unsigned long 
  exp1            1   45[BANK0 ] unsigned char 
  sign1           1   40[BANK0 ] unsigned char 
 Return value:  Size  Location     Type
                  4   32[BANK0 ] long 
 Registers used:
		wreg, status,2, status,0
 Tracked objects:
		On entry : 
		On exit  : 
		Unchanged: 
 Data sizes:     COMMON   BANK0   BANK1   BANK3   BANK2
      Params:         0       4       0       0       0
      Locals:         0       6       0       0       0
      Temps:          0       4       0       0       0
      Totals:         0      14       0       0       0
Total ram usage:       14 bytes
 Hardware stack levels used:    1
 This function calls:
		Nothing
 This function is called by:
		_sprintf
 This function uses a non-reentrant model


 *************** function ___ftsub *****************
 Defined at:
		line 18 in file "C:\Program Files (x86)\Microchip\xc8\v1.35\sources\common\ftsub.c"
 Parameters:    Size  Location     Type
  f2              3   52[BANK0 ] float 
  f1              3   55[BANK0 ] float 
 Auto vars:     Size  Location     Type
		None
 Return value:  Size  Location     Type
                  3   52[BANK0 ] float 
 Registers used:
		wreg, status,2, status,0, pclath, cstack
 Tracked objects:
		On entry : 
		On exit  : 
		Unchanged: 
 Data sizes:     COMMON   BANK0   BANK1   BANK3   BANK2
      Params:         0       6       0       0       0
      Locals:         0       0       0       0       0
      Temps:          0       0       0       0       0
      Totals:         0       6       0       0       0
Total ram usage:        6 bytes
 Hardware stack levels used:    1
 Hardware stack levels required when called:    2
 This function calls:
		___ftadd
 This function is called by:
		_sprintf
 This function uses a non-reentrant model


 *************** function ___ftadd *****************
 Defined at:
		line 86 in file "C:\Program Files (x86)\Microchip\xc8\v1.35\sources\common\ftadd.c"
 Parameters:    Size  Location     Type
  f1              3   39[BANK0 ] float 
  f2              3   42[BANK0 ] float 
 Auto vars:     Size  Location     Type
  exp1            1   51[BANK0 ] unsigned char 
  exp2            1   50[BANK0 ] unsigned char 
  sign            1   49[BANK0 ] unsigned char 
 Return value:  Size  Location     Type
                  3   39[BANK0 ] float 
 Registers used:
		wreg, status,2, status,0, pclath, cstack
 Tracked objects:
		On entry : 
		On exit  : 
		Unchanged: 
 Data sizes:     COMMON   BANK0   BANK1   BANK3   BANK2
      Params:         0       6       0       0       0
      Locals:         0       3       0       0       0
      Temps:          0       4       0       0       0
      Totals:         0      13       0       0       0
Total ram usage:       13 bytes
 Hardware stack levels used:    1
 Hardware stack levels required when called:    1
 This function calls:
		___ftpack
 This function is called by:
		_sprintf
		___ftsub
 This function uses a non-reentrant model


 *************** function ___ftneg *****************
 Defined at:
		line 15 in file "C:\Program Files (x86)\Microchip\xc8\v1.35\sources\common\ftneg.c"
 Parameters:    Size  Location     Type
  f1              3    0[COMMON] float 
 Auto vars:     Size  Location     Type
		None
 Return value:  Size  Location     Type
                  3    0[COMMON] float 
 Registers used:
		wreg
 Tracked objects:
		On entry : 
		On exit  : 
		Unchanged: 
 Data sizes:     COMMON   BANK0   BANK1   BANK3   BANK2
      Params:         3       0       0       0       0
      Locals:         0       0       0       0       0
      Temps:          0       0       0       0       0
      Totals:         3       0       0       0       0
Total ram usage:        3 bytes
 Hardware stack levels used:    1
 This function calls:
		Nothing
 This function is called by:
		_sprintf
 This function uses a non-reentrant model


 *************** function ___ftge *****************
 Defined at:
		line 4 in file "C:\Program Files (x86)\Microchip\xc8\v1.35\sources\common\ftge.c"
 Parameters:    Size  Location     Type
  ff1             3    0[COMMON] float 
  ff2             3    3[COMMON] float 
 Auto vars:     Size  Location     Type
		None
 Return value:  Size  Location     Type
		None               void
 Registers used:
		wreg, status,2, status,0
 Tracked objects:
		On entry : 
		On exit  : 
		Unchanged: 
 Data sizes:     COMMON   BANK0   BANK1   BANK3   BANK2
      Params:         6       0       0       0       0
      Locals:         0       0       0       0       0
      Temps:          6       0       0       0       0
      Totals:        12       0       0       0       0
Total ram usage:       12 bytes
 Hardware stack levels used:    1
 This function calls:
		Nothing
 This function is called by:
		_sprintf
 This function uses a non-reentrant model


 *************** function _lcd_puts *****************
 Defined at:
		line 58 in file "lcd.c"
 Parameters:    Size  Location     Type
  s               1    wreg     PTR const unsigned char 
		 -> buffer(20), 
 Auto vars:     Size  Location     Type
  s               1    7[COMMON] PTR const unsigned char 
		 -> buffer(20), 
 Return value:  Size  Location     Type
		None               void
 Registers used:
		wreg, fsr0l, fsr0h, status,2, status,0, pclath, cstack
 Tracked objects:
		On entry : 
		On exit  : 
		Unchanged: 
 Data sizes:     COMMON   BANK0   BANK1   BANK3   BANK2
      Params:         0       0       0       0       0
      Locals:         1       0       0       0       0
      Temps:          1       0       0       0       0
      Totals:         2       0       0       0       0
Total ram usage:        2 bytes
 Hardware stack levels used:    1
 Hardware stack levels required when called:    3
 This function calls:
		_lcd_write
 This function is called by:
		_main
 This function uses a non-reentrant model


 *************** function _lcd_init *****************
 Defined at:
		line 88 in file "lcd.c"
 Parameters:    Size  Location     Type
		None
 Auto vars:     Size  Location     Type
  init_value      1    7[COMMON] unsigned char 
 Return value:  Size  Location     Type
		None               void
 Registers used:
		wreg, status,2, status,0, pclath, cstack
 Tracked objects:
		On entry : 
		On exit  : 
		Unchanged: 
 Data sizes:     COMMON   BANK0   BANK1   BANK3   BANK2
      Params:         0       0       0       0       0
      Locals:         1       0       0       0       0
      Temps:          1       0       0       0       0
      Totals:         2       0       0       0       0
Total ram usage:        2 bytes
 Hardware stack levels used:    1
 Hardware stack levels required when called:    4
 This function calls:
		_lcd_clear
		_lcd_write
		_pause
 This function is called by:
		_main
 This function uses a non-reentrant model


 *************** function _lcd_clear *****************
 Defined at:
		line 48 in file "lcd.c"
 Parameters:    Size  Location     Type
		None
 Auto vars:     Size  Location     Type
		None
 Return value:  Size  Location     Type
		None               void
 Registers used:
		wreg, status,2, status,0, pclath, cstack
 Tracked objects:
		On entry : 
		On exit  : 
		Unchanged: 
 Data sizes:     COMMON   BANK0   BANK1   BANK3   BANK2
      Params:         0       0       0       0       0
      Locals:         0       0       0       0       0
      Temps:          0       0       0       0       0
      Totals:         0       0       0       0       0
Total ram usage:        0 bytes
 Hardware stack levels used:    1
 Hardware stack levels required when called:    3
 This function calls:
		_lcd_write
		_pause
 This function is called by:
		_main
		_lcd_init
 This function uses a non-reentrant model


 *************** function _lcd_goto *****************
 Defined at:
		line 80 in file "lcd.c"
 Parameters:    Size  Location     Type
  pos             1    wreg     unsigned char 
 Auto vars:     Size  Location     Type
  pos             1    6[COMMON] unsigned char 
 Return value:  Size  Location     Type
		None               void
 Registers used:
		wreg, status,2, status,0, pclath, cstack
 Tracked objects:
		On entry : 
		On exit  : 
		Unchanged: 
 Data sizes:     COMMON   BANK0   BANK1   BANK3   BANK2
      Params:         0       0       0       0       0
      Locals:         1       0       0       0       0
      Temps:          0       0       0       0       0
      Totals:         1       0       0       0       0
Total ram usage:        1 bytes
 Hardware stack levels used:    1
 Hardware stack levels required when called:    3
 This function calls:
		_lcd_write
 This function is called by:
		_main
 This function uses a non-reentrant model


 *************** function _lcd_write *****************
 Defined at:
		line 33 in file "lcd.c"
 Parameters:    Size  Location     Type
  c               1    wreg     unsigned char 
 Auto vars:     Size  Location     Type
  c               1    5[COMMON] unsigned char 
 Return value:  Size  Location     Type
		None               void
 Registers used:
		wreg, status,2, status,0, pclath, cstack
 Tracked objects:
		On entry : 
		On exit  : 
		Unchanged: 
 Data sizes:     COMMON   BANK0   BANK1   BANK3   BANK2
      Params:         0       0       0       0       0
      Locals:         1       0       0       0       0
      Temps:          1       0       0       0       0
      Totals:         2       0       0       0       0
Total ram usage:        2 bytes
 Hardware stack levels used:    1
 Hardware stack levels required when called:    2
 This function calls:
		_pause
 This function is called by:
		_lcd_clear
		_lcd_puts
		_lcd_goto
		_lcd_init
		_lcd_putch
 This function uses a non-reentrant model


 *************** function _pause *****************
 Defined at:
		line 8 in file "pause.c"
 Parameters:    Size  Location     Type
  usvalue         2    0[COMMON] unsigned short 
 Auto vars:     Size  Location     Type
  x               2    2[COMMON] unsigned short 
 Return value:  Size  Location     Type
		None               void
 Registers used:
		wreg, status,2, status,0, pclath, cstack
 Tracked objects:
		On entry : 
		On exit  : 
		Unchanged: 
 Data sizes:     COMMON   BANK0   BANK1   BANK3   BANK2
      Params:         2       0       0       0       0
      Locals:         2       0       0       0       0
      Temps:          0       0       0       0       0
      Totals:         4       0       0       0       0
Total ram usage:        4 bytes
 Hardware stack levels used:    1
 Hardware stack levels required when called:    1
 This function calls:
		_msecbase
 This function is called by:
		_main
		_lcd_write
		_lcd_clear
		_lcd_init
 This function uses a non-reentrant model


 *************** function _msecbase *****************
 Defined at:
		line 23 in file "msecbase.c"
 Parameters:    Size  Location     Type
		None
 Auto vars:     Size  Location     Type
		None
 Return value:  Size  Location     Type
		None               void
 Registers used:
		wreg
 Tracked objects:
		On entry : 
		On exit  : 
		Unchanged: 
 Data sizes:     COMMON   BANK0   BANK1   BANK3   BANK2
      Params:         0       0       0       0       0
      Locals:         0       0       0       0       0
      Temps:          0       0       0       0       0
      Totals:         0       0       0       0       0
Total ram usage:        0 bytes
 Hardware stack levels used:    1
 This function calls:
		Nothing
 This function is called by:
		_pause
 This function uses a non-reentrant model


 *************** function ___ftdiv *****************
 Defined at:
		line 56 in file "C:\Program Files (x86)\Microchip\xc8\v1.35\sources\common\ftdiv.c"
 Parameters:    Size  Location     Type
  f2              3   23[BANK0 ] float 
  f1              3   26[BANK0 ] float 
 Auto vars:     Size  Location     Type
  f3              3   34[BANK0 ] float 
  sign            1   38[BANK0 ] unsigned char 
  exp             1   37[BANK0 ] unsigned char 
  cntr            1   33[BANK0 ] unsigned char 
 Return value:  Size  Location     Type
                  3   23[BANK0 ] float 
 Registers used:
		wreg, status,2, status,0, pclath, cstack
 Tracked objects:
		On entry : 
		On exit  : 
		Unchanged: 
 Data sizes:     COMMON   BANK0   BANK1   BANK3   BANK2
      Params:         0       6       0       0       0
      Locals:         0       6       0       0       0
      Temps:          0       4       0       0       0
      Totals:         0      16       0       0       0
Total ram usage:       16 bytes
 Hardware stack levels used:    1
 Hardware stack levels required when called:    1
 This function calls:
		___ftpack
 This function is called by:
		_main
 This function uses a non-reentrant model


 *************** function ___awtoft *****************
 Defined at:
		line 32 in file "C:\Program Files (x86)\Microchip\xc8\v1.35\sources\common\awtoft.c"
 Parameters:    Size  Location     Type
  c               2    8[COMMON] int 
 Auto vars:     Size  Location     Type
  sign            1   13[COMMON] unsigned char 
 Return value:  Size  Location     Type
                  3    8[COMMON] float 
 Registers used:
		wreg, status,2, status,0, pclath, cstack
 Tracked objects:
		On entry : 
		On exit  : 
		Unchanged: 
 Data sizes:     COMMON   BANK0   BANK1   BANK3   BANK2
      Params:         3       0       0       0       0
      Locals:         1       0       0       0       0
      Temps:          2       0       0       0       0
      Totals:         6       0       0       0       0
Total ram usage:        6 bytes
 Hardware stack levels used:    1
 Hardware stack levels required when called:    1
 This function calls:
		___ftpack
 This function is called by:
		_main
 This function uses a non-reentrant model


 *************** function ___ftpack *****************
 Defined at:
		line 62 in file "C:\Program Files (x86)\Microchip\xc8\v1.35\sources\common\float.c"
 Parameters:    Size  Location     Type
  arg             3    0[COMMON] unsigned um
  exp             1    3[COMMON] unsigned char 
  sign            1    4[COMMON] unsigned char 
 Auto vars:     Size  Location     Type
		None
 Return value:  Size  Location     Type
                  3    0[COMMON] float 
 Registers used:
		wreg, status,2, status,0
 Tracked objects:
		On entry : 
		On exit  : 
		Unchanged: 
 Data sizes:     COMMON   BANK0   BANK1   BANK3   BANK2
      Params:         5       0       0       0       0
      Locals:         0       0       0       0       0
      Temps:          3       0       0       0       0
      Totals:         8       0       0       0       0
Total ram usage:        8 bytes
 Hardware stack levels used:    1
 This function calls:
		Nothing
 This function is called by:
		___awtoft
		___ftadd
		___ftdiv
		___ftmul
		___lltoft
 This function uses a non-reentrant model



MODULE INFORMATION

Module		Function		Class		Link	Load	Size
C:\Program Files (x86)\Microchip\xc8\v1.35\sources\common\awdiv.c
		___awdiv       		CODE           	1475	0000	92

C:\Program Files (x86)\Microchip\xc8\v1.35\sources\common\awdiv.c estimated size: 92

C:\Program Files (x86)\Microchip\xc8\v1.35\sources\common\ftadd.c
		___ftadd       		CODE           	08FD	0000	266

C:\Program Files (x86)\Microchip\xc8\v1.35\sources\common\ftadd.c estimated size: 266

C:\Program Files (x86)\Microchip\xc8\v1.35\sources\common\isdigit.c
		_isdigit       		CODE           	12A8	0000	15

C:\Program Files (x86)\Microchip\xc8\v1.35\sources\common\isdigit.c estimated size: 15

C:\Program Files (x86)\Microchip\xc8\v1.35\sources\common\ftge.c
		___ftge        		CODE           	14D0	0000	94

C:\Program Files (x86)\Microchip\xc8\v1.35\sources\common\ftge.c estimated size: 94

C:\Program Files (x86)\Microchip\xc8\v1.35\sources\common\ftneg.c
		___ftneg       		CODE           	128C	0000	9

C:\Program Files (x86)\Microchip\xc8\v1.35\sources\common\ftneg.c estimated size: 9

C:\Program Files (x86)\Microchip\xc8\v1.35\sources\common\awtoft.c
		___awtoft      		CODE           	1316	0000	34

C:\Program Files (x86)\Microchip\xc8\v1.35\sources\common\awtoft.c estimated size: 34

C:\Program Files (x86)\Microchip\xc8\v1.35\sources\common\ftsub.c
		___ftsub       		CODE           	1337	0000	34

C:\Program Files (x86)\Microchip\xc8\v1.35\sources\common\ftsub.c estimated size: 34

C:\Program Files (x86)\Microchip\xc8\v1.35\sources\common\float.c
		___ftpack      		CODE           	158B	0000	109

C:\Program Files (x86)\Microchip\xc8\v1.35\sources\common\float.c estimated size: 109

C:\Program Files (x86)\Microchip\xc8\v1.35\sources\common\doprnt.c
		_scale         		CODE           	0D65	0000	668
		_sprintf       		CODE           	01AE	0000	1605
		_fround        		CODE           	0014	0000	411

C:\Program Files (x86)\Microchip\xc8\v1.35\sources\common\doprnt.c estimated size: 2684

pause.c
		_pause         		CODE           	12C9	0000	23

pause.c estimated size: 23

C:\Program Files (x86)\Microchip\xc8\v1.35\sources\common\llmod.c
		___llmod       		CODE           	13CE	0000	77

C:\Program Files (x86)\Microchip\xc8\v1.35\sources\common\llmod.c estimated size: 77

C:\Program Files (x86)\Microchip\xc8\v1.35\sources\common\lltoft.c
		___lltoft      		CODE           	1358	0000	44

C:\Program Files (x86)\Microchip\xc8\v1.35\sources\common\lltoft.c estimated size: 44

shared
		__stringtab    		STRING         	1000	0000	7
		__powers_      		STRING         	1055	0000	40
		_dpowers       		STRING         	1006	0000	41
		__npowers_     		STRING         	102E	0000	40
		__initialization		CODE           	07F2	0000	11

shared estimated size: 139

C:\Program Files (x86)\Microchip\xc8\v1.35\sources\common\ftmul.c
		___ftmul       		CODE           	082A	0000	212

C:\Program Files (x86)\Microchip\xc8\v1.35\sources\common\ftmul.c estimated size: 212

C:\Program Files (x86)\Microchip\xc8\v1.35\sources\common\awmod.c
		___awmod       		CODE           	1383	0000	76

C:\Program Files (x86)\Microchip\xc8\v1.35\sources\common\awmod.c estimated size: 76

C:\Program Files (x86)\Microchip\xc8\v1.35\sources\common\ftdiv.c
		___ftdiv       		CODE           	1685	0000	185

C:\Program Files (x86)\Microchip\xc8\v1.35\sources\common\ftdiv.c estimated size: 185

lcd.c
		_lcd_puts      		CODE           	12DF	0000	25
		_lcd_clear     		CODE           	0003	0000	18
		_lcd_goto      		CODE           	0800	0000	10
		_lcd_write     		CODE           	12F7	0000	32
		_lcd_init      		CODE           	141A	0000	92

lcd.c estimated size: 177

C:\Program Files (x86)\Microchip\xc8\v1.35\sources\common\ftdivl.c
		__tdiv_to_l_   		CODE           	173D	0000	196

C:\Program Files (x86)\Microchip\xc8\v1.35\sources\common\ftdivl.c estimated size: 196

C:\Program Files (x86)\Microchip\xc8\v1.35\sources\common\Umul16.c
		___wmul        		CODE           	0809	0000	34

C:\Program Files (x86)\Microchip\xc8\v1.35\sources\common\Umul16.c estimated size: 34

C:\Program Files (x86)\Microchip\xc8\v1.35\sources\common\lldiv.c
		___lldiv       		CODE           	152D	0000	95

C:\Program Files (x86)\Microchip\xc8\v1.35\sources\common\lldiv.c estimated size: 95

main.c
		_main          		CODE           	0B38	0000	558

main.c estimated size: 558

C:\Program Files (x86)\Microchip\xc8\v1.35\sources\common\Umul8.c
		___bmul        		CODE           	12B6	0000	20

C:\Program Files (x86)\Microchip\xc8\v1.35\sources\common\Umul8.c estimated size: 20

C:\Program Files (x86)\Microchip\xc8\v1.35\sources\common\fldivl.c
		__div_to_l_    		CODE           	0A06	0000	307

C:\Program Files (x86)\Microchip\xc8\v1.35\sources\common\fldivl.c estimated size: 307

msecbase.c
		_msecbase      		CODE           	129C	0000	13

msecbase.c estimated size: 13

C:\Program Files (x86)\Microchip\xc8\v1.35\sources\common\fttol.c
		___fttol       		CODE           	15F7	0000	143

C:\Program Files (x86)\Microchip\xc8\v1.35\sources\common\fttol.c estimated size: 143

